DEPRECATED: The legacy builder is deprecated and will be removed in a future release.
            Install the buildx component to build images with BuildKit:
            https://docs.docker.com/go/buildx/

Sending build context to Docker daemon  4.316MB
Step 1/17 : FROM python:3.12.3-slim-bookworm@sha256:afc139a0a640942491ec481ad8dda10f2c5b753f5c969393b12480155fe15a63
 ---> cf001c2f8af7
Step 2/17 : ENV PYTHONHASHSEED=0 TZ=UTC OPENBLAS_NUM_THREADS=1 OMP_NUM_THREADS=1 MKL_NUM_THREADS=1 PIP_DISABLE_PIP_VERSION_CHECK=1
 ---> Using cache
 ---> 471fba4cb2f1
Step 3/17 : WORKDIR /opt/ahas
 ---> Using cache
 ---> 1e10d1720c2a
Step 4/17 : COPY requirements.lock.txt /tmp/requirements.lock.txt
 ---> Using cache
 ---> 446ec444f641
Step 5/17 : COPY containers/build-requirements.lock /tmp/build-requirements.lock
 ---> Using cache
 ---> 0e45d722cf22
Step 6/17 : RUN python -m pip install --no-cache-dir --require-hashes -r /tmp/requirements.lock.txt -r /tmp/build-requirements.lock
 ---> Using cache
 ---> f64ceeb7a986
Step 7/17 : COPY pyproject.toml README.md LICENSE uv.lock ./
 ---> d0ec2cd8e73b
Step 8/17 : COPY src ./src
 ---> 29bc410ac047
Step 9/17 : COPY schemas ./schemas
 ---> 2cfd16dc74d3
Step 10/17 : COPY config ./config
 ---> d2b41f21d4a4
Step 11/17 : COPY tests ./tests
 ---> d617cec75f43
Step 12/17 : COPY fixtures ./fixtures
 ---> 66d1a3eb0ab2
Step 13/17 : COPY design_examples ./design_examples
 ---> 842b8738abb8
Step 14/17 : COPY scripts ./scripts
 ---> b63298be4d74
Step 15/17 : RUN python -m pip install --no-deps --no-build-isolation .
 ---> Running in 77a7cfc5ae21
Processing /opt/ahas
  Preparing metadata (pyproject.toml): started
  Preparing metadata (pyproject.toml): finished with status 'done'
Building wheels for collected packages: account-history-analyzer
  Building wheel for account-history-analyzer (pyproject.toml): started
  Building wheel for account-history-analyzer (pyproject.toml): finished with status 'done'
  Created wheel for account-history-analyzer: filename=account_history_analyzer-1.0.3-py3-none-any.whl size=197078 sha256=4b472fa9d44d0803ab8f510eedc5a8bac5db454c5363dae81bd322511a59934d
  Stored in directory: /tmp/pip-ephem-wheel-cache-h8a13ygs/wheels/38/81/0a/cc1f730bbc17002687083d620cb5e61e50d842f4a98f20334c
Successfully built account-history-analyzer
Installing collected packages: account-history-analyzer
Successfully installed account-history-analyzer-1.0.3
[91mWARNING: Running pip as the 'root' user can result in broken permissions and conflicting behaviour with the system package manager. It is recommended to use a virtual environment instead: https://pip.pypa.io/warnings/venv
[0m ---> Removed intermediate container 77a7cfc5ae21
 ---> ec21990b6c98
Step 16/17 : ENTRYPOINT ["ahas"]
 ---> Running in 9cae394dc57c
 ---> Removed intermediate container 9cae394dc57c
 ---> fe8afc350c86
Step 17/17 : CMD ["--help"]
 ---> Running in ddce8c4abe97
 ---> Removed intermediate container ddce8c4abe97
 ---> c9d60ca8c759
Successfully built c9d60ca8c759
Successfully tagged ahas-reference:1.0.3
