{'pattern': 'identical', 'words_per_record': 1000, 'repaired_seconds': 0.0011117210000293198, 'candidate_pairs': 1, 'complete': True, 'work_units': 13025, 'matches': [1000]}
{'pattern': 'identical', 'words_per_record': 2000, 'repaired_seconds': 0.0021531589999312928, 'candidate_pairs': 1, 'complete': True, 'work_units': 26025, 'matches': [2000]}
{'pattern': 'identical', 'words_per_record': 4000, 'repaired_seconds': 0.004200911999987511, 'candidate_pairs': 1, 'complete': True, 'work_units': 52025, 'matches': [4000]}
{'pattern': 'identical', 'words_per_record': 8000, 'repaired_seconds': 0.00809136700002, 'candidate_pairs': 1, 'complete': True, 'work_units': 104025, 'matches': [8000], 'baseline_seconds': 6.807066304000045, 'full_pair_payload_equal': True, 'baseline_pair_count': 1, 'pair_payload_sha256': 'b34978a2d14af5938facd3c4bdf481c3c4aba8b4e6db610774ce5d73852e273d'}
{'pattern': 'one_edit', 'words_per_record': 1000, 'repaired_seconds': 0.0022720450000406345, 'candidate_pairs': 1, 'complete': True, 'work_units': 21230, 'matches': [500]}
{'pattern': 'one_edit', 'words_per_record': 2000, 'repaired_seconds': 0.00524058899998181, 'candidate_pairs': 1, 'complete': True, 'work_units': 42230, 'matches': [1000]}
{'pattern': 'one_edit', 'words_per_record': 4000, 'repaired_seconds': 0.00897946099996716, 'candidate_pairs': 1, 'complete': True, 'work_units': 84230, 'matches': [2000]}
{'pattern': 'one_edit', 'words_per_record': 8000, 'repaired_seconds': 0.017186180000066997, 'candidate_pairs': 1, 'complete': True, 'work_units': 168230, 'matches': [4000], 'baseline_seconds': 6.83775600599995, 'full_pair_payload_equal': True, 'baseline_pair_count': 1, 'pair_payload_sha256': '6506598b35220daecf08ee670128c7c6d2d2e9275b8b460bfb1b66e45ba925a3'}
{'pattern': 'period3_edit', 'words_per_record': 1000, 'repaired_seconds': 0.0022687010000481678, 'candidate_pairs': 1, 'complete': True, 'work_units': 21096, 'matches': [500]}
{'pattern': 'period3_edit', 'words_per_record': 2000, 'repaired_seconds': 0.0049373100000593695, 'candidate_pairs': 1, 'complete': True, 'work_units': 41763, 'matches': [1000]}
{'pattern': 'period3_edit', 'words_per_record': 4000, 'repaired_seconds': 0.010061307000000852, 'candidate_pairs': 1, 'complete': True, 'work_units': 83096, 'matches': [2000]}
{'pattern': 'period3_edit', 'words_per_record': 8000, 'repaired_seconds': 0.017446231999997508, 'candidate_pairs': 1, 'complete': True, 'work_units': 165763, 'matches': [4000], 'baseline_seconds': 2.3368901540000024, 'full_pair_payload_equal': True, 'baseline_pair_count': 1, 'pair_payload_sha256': 'c22ebabf419bf56dddc71dd58d4c65ea8bdae9e3ee7d7ba6fa911abbaff73071'}
{'pattern': 'period3_shift', 'words_per_record': 1000, 'repaired_seconds': 0.00251243999991857, 'candidate_pairs': 1, 'complete': True, 'work_units': 21538, 'matches': [999]}
{'pattern': 'period3_shift', 'words_per_record': 2000, 'repaired_seconds': 0.005160769999974946, 'candidate_pairs': 1, 'complete': True, 'work_units': 42871, 'matches': [1999]}
{'pattern': 'period3_shift', 'words_per_record': 4000, 'repaired_seconds': 0.008895845000097324, 'candidate_pairs': 1, 'complete': True, 'work_units': 85538, 'matches': [3999]}
{'pattern': 'period3_shift', 'words_per_record': 8000, 'repaired_seconds': 0.019178998000029424, 'candidate_pairs': 1, 'complete': True, 'work_units': 170871, 'matches': [7999], 'baseline_seconds': 2.3225419200000488, 'full_pair_payload_equal': True, 'baseline_pair_count': 1, 'pair_payload_sha256': '3c45ce5b74b83f22e7e2ba7528bb0749d90d5154c889c66615fa1f9a34a7f1ed'}
{'pattern': 'period31_edit', 'words_per_record': 1000, 'repaired_seconds': 0.0025904350000018894, 'candidate_pairs': 1, 'complete': True, 'work_units': 24007, 'matches': [500]}
{'pattern': 'period31_edit', 'words_per_record': 2000, 'repaired_seconds': 0.004555146000029708, 'candidate_pairs': 1, 'complete': True, 'work_units': 44523, 'matches': [1000]}
{'pattern': 'period31_edit', 'words_per_record': 4000, 'repaired_seconds': 0.00858217200004674, 'candidate_pairs': 1, 'complete': True, 'work_units': 85555, 'matches': [2000]}
{'pattern': 'period31_edit', 'words_per_record': 8000, 'repaired_seconds': 0.018548607999946398, 'candidate_pairs': 1, 'complete': True, 'work_units': 167620, 'matches': [4000], 'baseline_seconds': 0.23864510900000369, 'full_pair_payload_equal': True, 'baseline_pair_count': 1, 'pair_payload_sha256': '27de20ae7dc2b8dfc714447b860f7c116a6770ca58e2c955c8abc9f1056bfb55'}
