{"dataset": "ApplyingToCollege.cross_community.drop_Cornell.function_mask_n4", "exit_code": 0}
{"dataset": "ApplyingToCollege.cross_community.drop_Cornell.retained_prose_n4", "exit_code": 0}
{"dataset": "ApplyingToCollege.cross_community.drop_Cornell.function_word_js", "exit_code": 0}
{"dataset": "ApplyingToCollege.cross_community.full.retained_prose_n4", "exit_code": 0}
{"dataset": "ApplyingToCollege.cross_community.full.function_mask_n4", "exit_code": 0}
{"dataset": "ApplyingToCollege.cross_community.full.function_word_js", "exit_code": 0}
{"dataset": "ApplyingToCollege.cross_community.hash50.retained_prose_n4", "exit_code": 0}
{"dataset": "ApplyingToCollege.cross_community.hash50.function_mask_n4", "exit_code": 0}
{"dataset": "ApplyingToCollege.cross_community.hash50.function_word_js", "exit_code": 0}
{"dataset": "ApplyingToCollege.cross_community.middle50.retained_prose_n4", "exit_code": 0}
{"dataset": "ApplyingToCollege.cross_community.middle50.function_mask_n4", "exit_code": 0}
{"dataset": "ApplyingToCollege.cross_community.middle50.function_word_js", "exit_code": 0}
{"dataset": "ApplyingToCollege.within_community.drop_Cornell.retained_prose_n4", "exit_code": 0}
{"dataset": "ApplyingToCollege.within_community.drop_Cornell.function_mask_n4", "exit_code": 0}
{"dataset": "ApplyingToCollege.within_community.drop_Cornell.function_word_js", "exit_code": 0}
{"dataset": "ApplyingToCollege.within_community.full.retained_prose_n4", "exit_code": 0}
{"dataset": "ApplyingToCollege.within_community.full.function_mask_n4", "exit_code": 0}
{"dataset": "ApplyingToCollege.within_community.full.function_word_js", "exit_code": 0}
{"dataset": "ApplyingToCollege.within_community.hash50.retained_prose_n4", "exit_code": 0}
{"dataset": "ApplyingToCollege.within_community.hash50.function_mask_n4", "exit_code": 0}
{"dataset": "ApplyingToCollege.within_community.hash50.function_word_js", "exit_code": 0}
{"dataset": "ApplyingToCollege.within_community.middle50.retained_prose_n4", "exit_code": 0}
{"dataset": "ApplyingToCollege.within_community.middle50.function_mask_n4", "exit_code": 0}
{"dataset": "ApplyingToCollege.within_community.middle50.function_word_js", "exit_code": 0}
{"dataset": "Cornell.cross_community.drop_Cornell.retained_prose_n4", "exit_code": 0}
{"dataset": "Cornell.cross_community.drop_Cornell.function_mask_n4", "exit_code": 0}
{"dataset": "Cornell.cross_community.drop_Cornell.function_word_js", "exit_code": 0}
{"dataset": "Cornell.cross_community.full.retained_prose_n4", "exit_code": 0}
{"dataset": "Cornell.cross_community.full.function_mask_n4", "exit_code": 0}
{"dataset": "Cornell.cross_community.full.function_word_js", "exit_code": 0}
{"dataset": "Cornell.cross_community.hash50.retained_prose_n4", "exit_code": 0}
{"dataset": "Cornell.cross_community.hash50.function_mask_n4", "exit_code": 0}
{"dataset": "Cornell.cross_community.hash50.function_word_js", "exit_code": 0}
{"dataset": "Cornell.cross_community.middle50.retained_prose_n4", "exit_code": 0}
{"dataset": "Cornell.cross_community.middle50.function_mask_n4", "exit_code": 0}
{"dataset": "Cornell.within_community.drop_Cornell.retained_prose_n4", "exit_code": 0}
{"dataset": "Cornell.cross_community.middle50.function_word_js", "exit_code": 0}
{"dataset": "Cornell.within_community.drop_Cornell.function_mask_n4", "exit_code": 0}
{"dataset": "Cornell.within_community.drop_Cornell.function_word_js", "exit_code": 0}
{"dataset": "Cornell.within_community.full.retained_prose_n4", "exit_code": 0}
{"dataset": "Cornell.within_community.full.function_mask_n4", "exit_code": 0}
{"dataset": "Cornell.within_community.hash50.retained_prose_n4", "exit_code": 0}
{"dataset": "Cornell.within_community.full.function_word_js", "exit_code": 0}
{"dataset": "Cornell.within_community.hash50.function_mask_n4", "exit_code": 0}
{"dataset": "Cornell.within_community.hash50.function_word_js", "exit_code": 0}
{"dataset": "Cornell.within_community.middle50.retained_prose_n4", "exit_code": 0}
{"dataset": "Cornell.within_community.middle50.function_mask_n4", "exit_code": 0}
{"dataset": "Cornell.within_community.middle50.function_word_js", "exit_code": 0}
{"dataset": "college.cross_community.drop_Cornell.retained_prose_n4", "exit_code": 0}
{"dataset": "college.cross_community.drop_Cornell.function_mask_n4", "exit_code": 0}
{"dataset": "college.cross_community.drop_Cornell.function_word_js", "exit_code": 0}
{"dataset": "college.cross_community.full.retained_prose_n4", "exit_code": 0}
{"dataset": "college.cross_community.full.function_mask_n4", "exit_code": 0}
{"dataset": "college.cross_community.full.function_word_js", "exit_code": 0}
{"dataset": "college.cross_community.hash50.retained_prose_n4", "exit_code": 0}
{"dataset": "college.cross_community.hash50.function_mask_n4", "exit_code": 0}
{"dataset": "college.cross_community.hash50.function_word_js", "exit_code": 0}
{"dataset": "college.cross_community.middle50.retained_prose_n4", "exit_code": 0}
{"dataset": "college.cross_community.middle50.function_mask_n4", "exit_code": 0}
{"dataset": "college.cross_community.middle50.function_word_js", "exit_code": 0}
{"dataset": "college.within_community.drop_Cornell.retained_prose_n4", "exit_code": 0}
{"dataset": "college.within_community.drop_Cornell.function_mask_n4", "exit_code": 0}
{"dataset": "college.within_community.drop_Cornell.function_word_js", "exit_code": 0}
{"dataset": "college.within_community.full.retained_prose_n4", "exit_code": 0}
{"dataset": "college.within_community.full.function_mask_n4", "exit_code": 0}
{"dataset": "college.within_community.full.function_word_js", "exit_code": 0}
{"dataset": "college.within_community.hash50.retained_prose_n4", "exit_code": 0}
{"dataset": "college.within_community.hash50.function_mask_n4", "exit_code": 0}
{"dataset": "college.within_community.hash50.function_word_js", "exit_code": 0}
{"dataset": "college.within_community.middle50.retained_prose_n4", "exit_code": 0}
{"dataset": "college.within_community.middle50.function_mask_n4", "exit_code": 0}
{"dataset": "college.within_community.middle50.function_word_js", "exit_code": 0}
