{"case_id": "chrono-ApplyingToCollege-pair1-splice-hash50", "driver_exit_code": 0}
{"case_id": "chrono-ApplyingToCollege-pair1-splice-middle50", "driver_exit_code": 0}
{"case_id": "chrono-ApplyingToCollege-pair1-splice-full", "driver_exit_code": 0}
{"case_id": "chrono-ApplyingToCollege-pair1-continuity_proxy-full", "driver_exit_code": 0}
{"case_id": "chrono-ApplyingToCollege-pair1-splice-drop_Cornell", "driver_exit_code": 0}
{"case_id": "chrono-ApplyingToCollege-pair1-continuity_proxy-hash50", "driver_exit_code": 0}
{"case_id": "chrono-ApplyingToCollege-pair1-continuity_proxy-middle50", "driver_exit_code": 0}
{"case_id": "chrono-ApplyingToCollege-pair1-continuity_proxy-drop_Cornell", "driver_exit_code": 0}
{"case_id": "chrono-ApplyingToCollege-pair2-splice-full", "driver_exit_code": 0}
{"case_id": "chrono-ApplyingToCollege-pair1-unknown-natural-full", "driver_exit_code": 0}
{"case_id": "chrono-ApplyingToCollege-pair2-splice-hash50", "driver_exit_code": 0}
{"case_id": "chrono-ApplyingToCollege-pair2-splice-middle50", "driver_exit_code": 0}
{"case_id": "chrono-ApplyingToCollege-pair2-continuity_proxy-full", "driver_exit_code": 0}
{"case_id": "chrono-ApplyingToCollege-pair2-splice-drop_Cornell", "driver_exit_code": 0}
{"case_id": "chrono-ApplyingToCollege-pair2-continuity_proxy-middle50", "driver_exit_code": 0}
{"case_id": "chrono-ApplyingToCollege-pair2-continuity_proxy-hash50", "driver_exit_code": 0}
{"case_id": "chrono-Cornell-pair1-splice-full", "driver_exit_code": 0}
{"case_id": "chrono-Cornell-pair1-splice-hash50", "driver_exit_code": 0}
{"case_id": "chrono-Cornell-pair1-splice-middle50", "driver_exit_code": 0}
{"case_id": "chrono-Cornell-pair1-splice-drop_Cornell", "driver_exit_code": 0}
{"case_id": "chrono-Cornell-pair1-continuity_proxy-full", "driver_exit_code": 0}
{"case_id": "chrono-Cornell-pair1-continuity_proxy-hash50", "driver_exit_code": 0}
{"case_id": "chrono-Cornell-pair1-continuity_proxy-middle50", "driver_exit_code": 0}
{"case_id": "chrono-Cornell-pair1-continuity_proxy-drop_Cornell", "driver_exit_code": 0}
{"case_id": "chrono-Cornell-pair2-splice-full", "driver_exit_code": 0}
{"case_id": "chrono-Cornell-pair2-splice-hash50", "driver_exit_code": 0}
{"case_id": "chrono-Cornell-pair2-splice-middle50", "driver_exit_code": 0}
{"case_id": "chrono-Cornell-pair2-splice-drop_Cornell", "driver_exit_code": 0}
{"case_id": "chrono-Cornell-pair2-continuity_proxy-full", "driver_exit_code": 0}
{"case_id": "chrono-Cornell-pair2-continuity_proxy-hash50", "driver_exit_code": 0}
{"case_id": "chrono-Cornell-pair2-continuity_proxy-middle50", "driver_exit_code": 0}
{"case_id": "chrono-Cornell-pair2-continuity_proxy-drop_Cornell", "driver_exit_code": 0}
{"case_id": "chrono-Cornell-unknown-natural-full", "driver_exit_code": 0}
{"case_id": "chrono-ApplyingToCollege-pair2-continuity_proxy-drop_Cornell", "driver_exit_code": 0}
{"case_id": "chrono-college-pair1-splice-hash50", "driver_exit_code": 0}
{"case_id": "chrono-college-pair1-splice-full", "driver_exit_code": 0}
{"case_id": "chrono-college-pair1-splice-middle50", "driver_exit_code": 0}
{"case_id": "chrono-college-pair1-splice-drop_Cornell", "driver_exit_code": 0}
{"case_id": "chrono-college-pair1-continuity_proxy-full", "driver_exit_code": 0}
{"case_id": "chrono-college-pair1-continuity_proxy-middle50", "driver_exit_code": 0}
{"case_id": "chrono-college-pair1-continuity_proxy-hash50", "driver_exit_code": 0}
{"case_id": "chrono-college-pair1-continuity_proxy-drop_Cornell", "driver_exit_code": 0}
{"case_id": "chrono-college-pair1-unknown-natural-full", "driver_exit_code": 0}
{"case_id": "chrono-college-pair2-splice-full", "driver_exit_code": 0}
{"case_id": "chrono-college-pair2-splice-hash50", "driver_exit_code": 0}
{"case_id": "chrono-college-pair2-splice-middle50", "driver_exit_code": 0}
{"case_id": "chrono-college-pair2-continuity_proxy-full", "driver_exit_code": 0}
{"case_id": "chrono-college-pair2-continuity_proxy-hash50", "driver_exit_code": 0}
{"case_id": "chrono-college-pair2-continuity_proxy-middle50", "driver_exit_code": 0}
{"case_id": "chrono-college-pair2-splice-drop_Cornell", "driver_exit_code": 0}
{"case_id": "chrono-college-pair2-continuity_proxy-drop_Cornell", "driver_exit_code": 0}
{"case_id": "chrono-ApplyingToCollege-pair1-operational-availability-hash50", "driver_exit_code": 0}
{"case_id": "chrono-ApplyingToCollege-pair1-operational-availability-middle50", "driver_exit_code": 0}
{"case_id": "chrono-Cornell-operational-availability-hash50", "driver_exit_code": 0}
{"case_id": "chrono-Cornell-operational-availability-middle50", "driver_exit_code": 0}
{"case_id": "chrono-Cornell-operational-availability-drop_Cornell", "driver_exit_code": 0}
{"case_id": "chrono-ApplyingToCollege-pair1-operational-availability-drop_Cornell", "driver_exit_code": 0}
{"case_id": "chrono-college-pair1-operational-availability-hash50", "driver_exit_code": 0}
{"case_id": "chrono-college-pair1-operational-availability-middle50", "driver_exit_code": 0}
{"case_id": "chrono-college-pair1-operational-availability-drop_Cornell", "driver_exit_code": 0}
